// Jest Snapshot v1, https://goo.gl/fbAQLP

exports[`<SearchBox /> expect to render SearchBox 1`] = `
"<div className=\\"pa2\\">
  <input aria-label=\\"Search Robots\\" className=\\"pa3 ba b-green bg-lightest-blue\\" type=\\"search\\" placeholder=\\"Search Robots\\" value=\\"\\" onChange={[Function: onChange]} />
</div>"
`;
